// Jest Snapshot v1, https://goo.gl/fbAQLP

exports[`Content Component should render correctly 1`] = `
<Fragment>
  <Connect(TabHeader)
    handleChange={[Function]}
    value={0}
  />
  <TabPanel
    index={0}
    value={0}
  >
    <Connect(RepoCardPage) />
  </TabPanel>
  <TabPanel
    index={1}
    value={0}
  >
    <Connect(StarredCardPage) />
  </TabPanel>
</Fragment>
`;
